MemTotal:       57212812 kB
MemFree:         4066512 kB
MemAvailable:   24662244 kB
Buffers:             956 kB
Cached:         15957080 kB
SwapCached:            0 kB
Active:         13494548 kB
Inactive:       15356448 kB
Active(anon):   10550576 kB
Inactive(anon):  2731724 kB
Active(file):    2943972 kB
Inactive(file): 12624724 kB
Unevictable:      168772 kB
Mlocked:           21820 kB
SwapTotal:             0 kB
SwapFree:              0 kB
Zswap:                 0 kB
Zswapped:              0 kB
Dirty:              3256 kB
Writeback:             0 kB
AnonPages:      13062120 kB
Mapped:          2359844 kB
Shmem:            620528 kB
KReclaimable:    6220832 kB
Slab:            7661724 kB
SReclaimable:    6220832 kB
SUnreclaim:      1440892 kB
KernelStack:       56112 kB
PageTables:       192072 kB
SecPageTables:      4880 kB
NFS_Unstable:          0 kB
Bounce:                0 kB
WritebackTmp:          0 kB
CommitLimit:    28606404 kB
Committed_AS:   61197720 kB
VmallocTotal:   34359738367 kB
VmallocUsed:      152912 kB
VmallocChunk:          0 kB
Percpu:            41184 kB
HardwareCorrupted:     0 kB
AnonHugePages:      2048 kB
ShmemHugePages:        0 kB
ShmemPmdMapped:        0 kB
FileHugePages:         0 kB
FilePmdMapped:         0 kB
CmaTotal:              0 kB
CmaFree:               0 kB
Unaccepted:            0 kB
Balloon:               0 kB
HugePages_Total:       0
HugePages_Free:        0
HugePages_Rsvd:        0
HugePages_Surp:        0
Hugepagesize:       2048 kB
Hugetlb:               0 kB
DirectMap4k:    17634360 kB
DirectMap2M:    40714240 kB
DirectMap1G:           0 kB
